../../Drivers/STM32H7xx_HAL_Driver/Inc/stm32h7xx_ll_gpio.h:803:26:LL_GPIO_IsInputPinSet	16	static
../../Drivers/STM32H7xx_HAL_Driver/Inc/stm32h7xx_ll_gpio.h:884:22:LL_GPIO_SetOutputPin	16	static
../../Drivers/STM32H7xx_HAL_Driver/Inc/stm32h7xx_ll_gpio.h:913:22:LL_GPIO_ResetOutputPin	16	static
../../Drivers/STM32H7xx_HAL_Driver/Inc/stm32h7xx_ll_gpio.h:942:22:LL_GPIO_TogglePin	24	static
../../Drivers/STM32H7xx_HAL_Driver/Inc/stm32h7xx_ll_bus.h:1384:22:LL_AHB4_GRP1_EnableClock	24	static
../Core/Src/main.c:84:6:toggle_a0	8	static
../Core/Src/main.c:88:6:toggle_a1	8	static
../Core/Src/main.c:92:6:toggle_a2	8	static
../Core/Src/main.c:96:6:toggle_a3	8	static
../Core/Src/main.c:101:6:update_led_states	56	static
../Core/Src/main.c:114:6:update_input_states	4	static
../Core/Src/main.c:122:6:initialize_leds	8	static
../Core/Src/main.c:132:6:turn_off_all	8	static
../Core/Src/main.c:141:6:initialize_inputs	8	static
../Core/Src/main.c:149:6:handle_input	16	static
../Core/Src/main.c:200:6:lock_leds	4	static
../Core/Src/main.c:201:6:unlock_leds	4	static
../Core/Src/main.c:202:6:reset_leds	8	static
../Core/Src/main.c:222:5:main	16	static
../Core/Src/main.c:318:6:SystemClock_Config	120	static
../Core/Src/main.c:377:13:MX_GPIO_Init	32	static
../Core/Src/main.c:417:6:Error_Handler	4	static,ignoring_inline_asm
