../Core/Src/main.c:83:6:toggle_a0	8	static
../Core/Src/main.c:87:6:toggle_a1	8	static
../Core/Src/main.c:91:6:toggle_a2	8	static
../Core/Src/main.c:95:6:toggle_a3	8	static
../Core/Src/main.c:100:6:update_led_states	8	static
../Core/Src/main.c:127:6:update_input_states	4	static
../Core/Src/main.c:134:6:initialize_leds	8	static
../Core/Src/main.c:144:6:turn_off_all_leds	8	static
../Core/Src/main.c:153:6:initialize_inputs	8	static
../Core/Src/main.c:161:6:handle_input	16	static
../Core/Src/main.c:213:6:lock_leds	4	static
../Core/Src/main.c:214:6:unlock_leds	4	static
../Core/Src/main.c:215:6:reset_leds	8	static
../Core/Src/main.c:235:5:main	16	static
../Core/Src/main.c:334:6:SystemClock_Config	120	static
../Core/Src/main.c:393:13:MX_GPIO_Init	40	static
../Core/Src/main.c:433:6:Error_Handler	4	static,ignoring_inline_asm
