Archive member included to satisfy reference by file (symbol)

/Applications/STM32CubeIDE.app/Contents/Eclipse/plugins/com.st.stm32cube.ide.mcu.externaltools.gnu-tools-for-stm32.12.3.rel1.macos64_1.0.200.202406191456/tools/bin/../lib/gcc/arm-none-eabi/12.3.1/../../../../arm-none-eabi/lib/thumb/v7e-m+dp/hard/libc_nano.a(libc_a-exit.o)
                              /Applications/STM32CubeIDE.app/Contents/Eclipse/plugins/com.st.stm32cube.ide.mcu.externaltools.gnu-tools-for-stm32.12.3.rel1.macos64_1.0.200.202406191456/tools/bin/../lib/gcc/arm-none-eabi/12.3.1/../../../../arm-none-eabi/lib/thumb/v7e-m+dp/hard/crt0.o (exit)
/Applications/STM32CubeIDE.app/Contents/Eclipse/plugins/com.st.stm32cube.ide.mcu.externaltools.gnu-tools-for-stm32.12.3.rel1.macos64_1.0.200.202406191456/tools/bin/../lib/gcc/arm-none-eabi/12.3.1/../../../../arm-none-eabi/lib/thumb/v7e-m+dp/hard/libc_nano.a(libc_a-findfp.o)
                              /Applications/STM32CubeIDE.app/Contents/Eclipse/plugins/com.st.stm32cube.ide.mcu.externaltools.gnu-tools-for-stm32.12.3.rel1.macos64_1.0.200.202406191456/tools/bin/../lib/gcc/arm-none-eabi/12.3.1/../../../../arm-none-eabi/lib/thumb/v7e-m+dp/hard/libc_nano.a(libc_a-exit.o) (__stdio_exit_handler)
/Applications/STM32CubeIDE.app/Contents/Eclipse/plugins/com.st.stm32cube.ide.mcu.externaltools.gnu-tools-for-stm32.12.3.rel1.macos64_1.0.200.202406191456/tools/bin/../lib/gcc/arm-none-eabi/12.3.1/../../../../arm-none-eabi/lib/thumb/v7e-m+dp/hard/libc_nano.a(libc_a-fwalk.o)
                              /Applications/STM32CubeIDE.app/Contents/Eclipse/plugins/com.st.stm32cube.ide.mcu.externaltools.gnu-tools-for-stm32.12.3.rel1.macos64_1.0.200.202406191456/tools/bin/../lib/gcc/arm-none-eabi/12.3.1/../../../../arm-none-eabi/lib/thumb/v7e-m+dp/hard/libc_nano.a(libc_a-findfp.o) (_fwalk_sglue)
/Applications/STM32CubeIDE.app/Contents/Eclipse/plugins/com.st.stm32cube.ide.mcu.externaltools.gnu-tools-for-stm32.12.3.rel1.macos64_1.0.200.202406191456/tools/bin/../lib/gcc/arm-none-eabi/12.3.1/../../../../arm-none-eabi/lib/thumb/v7e-m+dp/hard/libc_nano.a(libc_a-memset.o)
                              /Applications/STM32CubeIDE.app/Contents/Eclipse/plugins/com.st.stm32cube.ide.mcu.externaltools.gnu-tools-for-stm32.12.3.rel1.macos64_1.0.200.202406191456/tools/bin/../lib/gcc/arm-none-eabi/12.3.1/../../../../arm-none-eabi/lib/thumb/v7e-m+dp/hard/crt0.o (memset)
/Applications/STM32CubeIDE.app/Contents/Eclipse/plugins/com.st.stm32cube.ide.mcu.externaltools.gnu-tools-for-stm32.12.3.rel1.macos64_1.0.200.202406191456/tools/bin/../lib/gcc/arm-none-eabi/12.3.1/../../../../arm-none-eabi/lib/thumb/v7e-m+dp/hard/libc_nano.a(libc_a-impure.o)
                              /Applications/STM32CubeIDE.app/Contents/Eclipse/plugins/com.st.stm32cube.ide.mcu.externaltools.gnu-tools-for-stm32.12.3.rel1.macos64_1.0.200.202406191456/tools/bin/../lib/gcc/arm-none-eabi/12.3.1/../../../../arm-none-eabi/lib/thumb/v7e-m+dp/hard/libc_nano.a(libc_a-findfp.o) (_impure_data)
/Applications/STM32CubeIDE.app/Contents/Eclipse/plugins/com.st.stm32cube.ide.mcu.externaltools.gnu-tools-for-stm32.12.3.rel1.macos64_1.0.200.202406191456/tools/bin/../lib/gcc/arm-none-eabi/12.3.1/../../../../arm-none-eabi/lib/thumb/v7e-m+dp/hard/libc_nano.a(libc_a-errno.o)
                              ./Core/Src/syscalls.o (__errno)
/Applications/STM32CubeIDE.app/Contents/Eclipse/plugins/com.st.stm32cube.ide.mcu.externaltools.gnu-tools-for-stm32.12.3.rel1.macos64_1.0.200.202406191456/tools/bin/../lib/gcc/arm-none-eabi/12.3.1/../../../../arm-none-eabi/lib/thumb/v7e-m+dp/hard/libc_nano.a(libc_a-init.o)
                              /Applications/STM32CubeIDE.app/Contents/Eclipse/plugins/com.st.stm32cube.ide.mcu.externaltools.gnu-tools-for-stm32.12.3.rel1.macos64_1.0.200.202406191456/tools/bin/../lib/gcc/arm-none-eabi/12.3.1/../../../../arm-none-eabi/lib/thumb/v7e-m+dp/hard/crt0.o (__libc_init_array)
/Applications/STM32CubeIDE.app/Contents/Eclipse/plugins/com.st.stm32cube.ide.mcu.externaltools.gnu-tools-for-stm32.12.3.rel1.macos64_1.0.200.202406191456/tools/bin/../lib/gcc/arm-none-eabi/12.3.1/../../../../arm-none-eabi/lib/thumb/v7e-m+dp/hard/libc_nano.a(libc_a-lock.o)
                              /Applications/STM32CubeIDE.app/Contents/Eclipse/plugins/com.st.stm32cube.ide.mcu.externaltools.gnu-tools-for-stm32.12.3.rel1.macos64_1.0.200.202406191456/tools/bin/../lib/gcc/arm-none-eabi/12.3.1/../../../../arm-none-eabi/lib/thumb/v7e-m+dp/hard/libc_nano.a(libc_a-findfp.o) (__retarget_lock_init_recursive)
/Applications/STM32CubeIDE.app/Contents/Eclipse/plugins/com.st.stm32cube.ide.mcu.externaltools.gnu-tools-for-stm32.12.3.rel1.macos64_1.0.200.202406191456/tools/bin/../lib/gcc/arm-none-eabi/12.3.1/../../../../arm-none-eabi/lib/thumb/v7e-m+dp/hard/libc_nano.a(libc_a-mallocr.o)
[...]
Memory Configuration

Name             Origin             Length             Attributes
RAM_D1           0x24000000         0x00080000         xrw
FLASH            0x08000000         0x00100000         xr
DTCMRAM          0x20000000         0x00020000         xrw
RAM_D2           0x30000000         0x00048000         xrw
RAM_D3           0x38000000         0x00010000         xrw
ITCMRAM          0x00000000         0x00010000         xrw
*default*        0x00000000         0xffffffff

Linker script and memory map

LOAD /Applications/STM32CubeIDE.app/Contents/Eclipse/plugins/com.st.stm32cube.ide.mcu.externaltools.gnu-tools-for-stm32.12.3.rel1.macos64_1.0.200.202406191456/tools/bin/../lib/gcc/arm-none-eabi/12.3.1/thumb/v7e-m+dp/hard/crti.o
LOAD /Applications/STM32CubeIDE.app/Contents/Eclipse/plugins/com.st.stm32cube.ide.mcu.externaltools.gnu-tools-for-stm32.12.3.rel1.macos64_1.0.200.202406191456/tools/bin/../lib/gcc/arm-none-eabi/12.3.1/thumb/v7e-m+dp/hard/crtbegin.o
LOAD /Applications/STM32CubeIDE.app/Contents/Eclipse/plugins/com.st.stm32cube.ide.mcu.externaltools.gnu-tools-for-stm32.12.3.rel1.macos64_1.0.200.202406191456/tools/bin/../lib/gcc/arm-none-eabi/12.3.1/../../../../arm-none-eabi/lib/thumb/v7e-m+dp/hard/crt0.o
LOAD ./Common/Src/system_stm32h7xx_dualcore_boot_cm4_cm7.o
LOAD ./Core/Src/main.o
LOAD ./Core/Src/stm32h7xx_hal_msp.o
LOAD ./Core/Src/stm32h7xx_it.o
LOAD ./Core/Src/syscalls.o
LOAD ./Core/Src/sysmem.o
LOAD ./Core/Startup/startup_stm32h747xihx.o
LOAD ./Drivers/STM32H7xx_HAL_Driver/stm32h7xx_hal.o
LOAD ./Drivers/STM32H7xx_HAL_Driver/stm32h7xx_hal_cortex.o
LOAD ./Drivers/STM32H7xx_HAL_Driver/stm32h7xx_hal_dma.o
LOAD ./Drivers/STM32H7xx_HAL_Driver/stm32h7xx_hal_dma_ex.o
LOAD ./Drivers/STM32H7xx_HAL_Driver/stm32h7xx_hal_exti.o
LOAD ./Drivers/STM32H7xx_HAL_Driver/stm32h7xx_hal_flash.o
LOAD ./Drivers/STM32H7xx_HAL_Driver/stm32h7xx_hal_flash_ex.o
LOAD ./Drivers/STM32H7xx_HAL_Driver/stm32h7xx_hal_gpio.o
LOAD ./Drivers/STM32H7xx_HAL_Driver/stm32h7xx_hal_hsem.o
LOAD ./Drivers/STM32H7xx_HAL_Driver/stm32h7xx_hal_i2c.o
LOAD ./Drivers/STM32H7xx_HAL_Driver/stm32h7xx_hal_i2c_ex.o
LOAD ./Drivers/STM32H7xx_HAL_Driver/stm32h7xx_hal_mdma.o
LOAD ./Drivers/STM32H7xx_HAL_Driver/stm32h7xx_hal_pwr.o
LOAD ./Drivers/STM32H7xx_HAL_Driver/stm32h7xx_hal_pwr_ex.o
LOAD ./Drivers/STM32H7xx_HAL_Driver/stm32h7xx_hal_rcc.o
LOAD ./Drivers/STM32H7xx_HAL_Driver/stm32h7xx_hal_rcc_ex.o
LOAD ./Drivers/STM32H7xx_HAL_Driver/stm32h7xx_hal_tim.o
LOAD ./Drivers/STM32H7xx_HAL_Driver/stm32h7xx_hal_tim_ex.o
LOAD ./Drivers/STM32H7xx_HAL_Driver/stm32h7xx_ll_exti.o
LOAD ./Drivers/STM32H7xx_HAL_Driver/stm32h7xx_ll_gpio.o
LOAD ./Drivers/STM32H7xx_HAL_Driver/stm32h7xx_ll_rcc.o
LOAD ./Drivers/STM32H7xx_HAL_Driver/stm32h7xx_ll_utils.o
START GROUP
LOAD /Applications/STM32CubeIDE.app/Contents/Eclipse/plugins/com.st.stm32cube.ide.mcu.externaltools.gnu-tools-for-stm32.12.3.rel1.macos64_1.0.200.202406191456/tools/bin/../lib/gcc/arm-none-eabi/12.3.1/../../../../arm-none-eabi/lib/thumb/v7e-m+dp/hard/libc_nano.a
LOAD /Applications/STM32CubeIDE.app/Contents/Eclipse/plugins/com.st.stm32cube.ide.mcu.externaltools.gnu-tools-for-stm32.12.3.rel1.macos64_1.0.200.202406191456/tools/bin/../lib/gcc/arm-none-eabi/12.3.1/../../../../arm-none-eabi/lib/thumb/v7e-m+dp/hard/libm.a
END GROUP
START GROUP
LOAD /Applications/STM32CubeIDE.app/Contents/Eclipse/plugins/com.st.stm32cube.ide.mcu.externaltools.gnu-tools-for-stm32.12.3.rel1.macos64_1.0.200.202406191456/tools/bin/../lib/gcc/arm-none-eabi/12.3.1/thumb/v7e-m+dp/hard/libgcc.a
LOAD /Applications/STM32CubeIDE.app/Contents/Eclipse/plugins/com.st.stm32cube.ide.mcu.externaltools.gnu-tools-for-stm32.12.3.rel1.macos64_1.0.200.202406191456/tools/bin/../lib/gcc/arm-none-eabi/12.3.1/../../../../arm-none-eabi/lib/thumb/v7e-m+dp/hard/libc_nano.a
END GROUP
START GROUP
LOAD /Applications/STM32CubeIDE.app/Contents/Eclipse/plugins/com.st.stm32cube.ide.mcu.externaltools.gnu-tools-for-stm32.12.3.rel1.macos64_1.0.200.202406191456/tools/bin/../lib/gcc/arm-none-eabi/12.3.1/thumb/v7e-m+dp/hard/libgcc.a
LOAD /Applications/STM32CubeIDE.app/Contents/Eclipse/plugins/com.st.stm32cube.ide.mcu.externaltools.gnu-tools-for-stm32.12.3.rel1.macos64_1.0.200.202406191456/tools/bin/../lib/gcc/arm-none-eabi/12.3.1/../../../../arm-none-eabi/lib/thumb/v7e-m+dp/hard/libc_nano.a
LOAD /Applications/STM32CubeIDE.app/Contents/Eclipse/plugins/com.st.stm32cube.ide.mcu.externaltools.gnu-tools-for-stm32.12.3.rel1.macos64_1.0.200.202406191456/tools/bin/../lib/gcc/arm-none-eabi/12.3.1/../../../../arm-none-eabi/lib/thumb/v7e-m+dp/hard/libnosys.a
END GROUP
START GROUP
LOAD /Applications/STM32CubeIDE.app/Contents/Eclipse/plugins/com.st.stm32cube.ide.mcu.externaltools.gnu-tools-for-stm32.12.3.rel1.macos64_1.0.200.202406191456/tools/bin/../lib/gcc/arm-none-eabi/12.3.1/thumb/v7e-m+dp/hard/libgcc.a
LOAD /Applications/STM32CubeIDE.app/Contents/Eclipse/plugins/com.st.stm32cube.ide.mcu.externaltools.gnu-tools-for-stm32.12.3.rel1.macos64_1.0.200.202406191456/tools/bin/../lib/gcc/arm-none-eabi/12.3.1/../../../../arm-none-eabi/lib/thumb/v7e-m+dp/hard/libc_nano.a
LOAD /Applications/STM32CubeIDE.app/Contents/Eclipse/plugins/com.st.stm32cube.ide.mcu.externaltools.gnu-tools-for-stm32.12.3.rel1.macos64_1.0.200.202406191456/tools/bin/../lib/gcc/arm-none-eabi/12.3.1/../../../../arm-none-eabi/lib/thumb/v7e-m+dp/hard/libnosys.a
END GROUP
LOAD /Applications/STM32CubeIDE.app/Contents/Eclipse/plugins/com.st.stm32cube.ide.mcu.externaltools.gnu-tools-for-stm32.12.3.rel1.macos64_1.0.200.202406191456/tools/bin/../lib/gcc/arm-none-eabi/12.3.1/thumb/v7e-m+dp/hard/crtend.o
LOAD /Applications/STM32CubeIDE.app/Contents/Eclipse/plugins/com.st.stm32cube.ide.mcu.externaltools.gnu-tools-for-stm32.12.3.rel1.macos64_1.0.200.202406191456/tools/bin/../lib/gcc/arm-none-eabi/12.3.1/thumb/v7e-m+dp/hard/crtn.o
                0x24080000                        _estack = (ORIGIN (RAM_D1) + LENGTH (RAM_D1))
                0x00000200                        _Min_Heap_Size = 0x200
                0x00000400                        _Min_Stack_Size = 0x400

.isr_vector     0x08000000      0x298
                0x08000000                        . = ALIGN (0x4)
 *(.isr_vector)
 .isr_vector    0x08000000      0x298 ./Core/Startup/startup_stm32h747xihx.o
                0x08000000                g_pfnVectors
                0x08000298                        . = ALIGN (0x4)

.text           0x08000298     0x208c
                0x08000298                        . = ALIGN (0x4)
 *(.text)
 .text          0x08000298       0x40 /Applications/STM32CubeIDE.app/Contents/Eclipse/plugins/com.st.stm32cube.ide.mcu.externaltools.gnu-tools-for-stm32.12.3.rel1.macos64_1.0.200.202406191456/tools/bin/../lib/gcc/arm-none-eabi/12.3.1/thumb/v7e-m+dp/hard/crtbegin.o
 *(.text*)
 .text.SystemInit
                0x080002d8      0x12c ./Common/Src/system_stm32h7xx_dualcore_boot_cm4_cm7.o
                0x080002d8                SystemInit
 .text.LL_GPIO_IsInputPinSet
                0x08000404       0x2a ./Core/Src/main.o
 .text.LL_GPIO_SetOutputPin
                0x0800042e       0x1c ./Core/Src/main.o
 .text.LL_GPIO_ResetOutputPin
                0x0800044a       0x1e ./Core/Src/main.o
 .text.LL_GPIO_TogglePin
                0x08000468       0x32 ./Core/Src/main.o
 *fill*         0x0800049a        0x2 
 .text.LL_AHB4_GRP1_EnableClock
                0x0800049c       0x38 ./Core/Src/main.o
 .text.toggle_a0
                0x080004d4       0x30 ./Core/Src/main.o
                0x080004d4                toggle_a0
 .text.toggle_a1
                0x08000504       0x30 ./Core/Src/main.o
                0x08000504                toggle_a1
 .text.toggle_a2
                0x08000534       0x30 ./Core/Src/main.o
                0x08000534                toggle_a2
 .text.toggle_a3
                0x08000564       0x30 ./Core/Src/main.o
                0x08000564                toggle_a3
 .text.update_led_states
                0x08000594       0x98 ./Core/Src/main.o
                0x08000594                update_led_states
 .text.update_input_states
                0x0800062c       0x50 ./Core/Src/main.o
                0x0800062c                update_input_states
 .text.initialize_leds
                0x0800067c       0x40 ./Core/Src/main.o
                0x0800067c                initialize_leds
 .text.turn_off_all
                0x080006bc       0x34 ./Core/Src/main.o
                0x080006bc                turn_off_all
 .text.initialize_inputs
                0x080006f0       0x70 ./Core/Src/main.o
                0x080006f0                initialize_inputs
 .text.handle_input
                0x08000760      0x158 ./Core/Src/main.o
                0x08000760                handle_input
 .text.lock_leds
                0x080008b8       0x18 ./Core/Src/main.o
                0x080008b8                lock_leds
 .text.unlock_leds
                0x080008d0       0x18 ./Core/Src/main.o
                0x080008d0                unlock_leds
 .text.reset_leds
                0x080008e8       0x40 ./Core/Src/main.o
                0x080008e8                reset_leds
 .text.main     0x08000928      0x124 ./Core/Src/main.o
                0x08000928                main
 .text.SystemClock_Config
                0x08000a4c       0xf4 ./Core/Src/main.o
                0x08000a4c                SystemClock_Config
 .text.MX_GPIO_Init
                0x08000b40       0x78 ./Core/Src/main.o
 .text.Error_Handler
                0x08000bb8        0xc ./Core/Src/main.o
                0x08000bb8                Error_Handler
 .text.HAL_MspInit
                0x08000bc4       0x34 ./Core/Src/stm32h7xx_hal_msp.o
                0x08000bc4                HAL_MspInit
 .text.NMI_Handler
                0x08000bf8        0x8 ./Core/Src/stm32h7xx_it.o
                0x08000bf8                NMI_Handler
 .text.HardFault_Handler
                0x08000c00        0x8 ./Core/Src/stm32h7xx_it.o
                0x08000c00                HardFault_Handler
 .text.MemManage_Handler
                0x08000c08        0x8 ./Core/Src/stm32h7xx_it.o
                0x08000c08                MemManage_Handler
 .text.BusFault_Handler
                0x08000c10        0x8 ./Core/Src/stm32h7xx_it.o
                0x08000c10                BusFault_Handler
 .text.UsageFault_Handler
                0x08000c18        0x8 ./Core/Src/stm32h7xx_it.o
                0x08000c18                UsageFault_Handler
 .text.SVC_Handler
                0x08000c20        0xe ./Core/Src/stm32h7xx_it.o
                0x08000c20                SVC_Handler
 .text.DebugMon_Handler
                0x08000c2e        0xe ./Core/Src/stm32h7xx_it.o
                0x08000c2e                DebugMon_Handler
 .text.PendSV_Handler
                0x08000c3c        0xe ./Core/Src/stm32h7xx_it.o
                0x08000c3c                PendSV_Handler
 .text.SysTick_Handler
                0x08000c4a        0xc ./Core/Src/stm32h7xx_it.o
                0x08000c4a                SysTick_Handler
 *fill*         0x08000c56        0x2 
 .text.Reset_Handler
                0x08000c58       0x50 ./Core/Startup/startup_stm32h747xihx.o
                0x08000c58                Reset_Handler
 .text.Default_Handler
                0x08000ca8        0x2 ./Core/Startup/startup_stm32h747xihx.o
                0x08000ca8                DMA1_Stream3_IRQHandler
                0x08000ca8                EXTI2_IRQHandler
                0x08000ca8                TIM8_CC_IRQHandler
                0x08000ca8                HRTIM1_Master_IRQHandler
                0x08000ca8                UART8_IRQHandler
                0x08000ca8                SPI4_IRQHandler
                0x08000ca8                TIM1_CC_IRQHandler
                0x08000ca8                BDMA_Channel6_IRQHandler
                0x08000ca8                DMA2_Stream5_IRQHandler
                0x08000ca8                HRTIM1_FLT_IRQHandler
                0x08000ca8                JPEG_IRQHandler
                0x08000ca8                DMA1_Stream5_IRQHandler
                0x08000ca8                BDMA_Channel1_IRQHandler
                0x08000ca8                HRTIM1_TIMD_IRQHandler
                0x08000ca8                TAMP_STAMP_IRQHandler
                0x08000ca8                EXTI3_IRQHandler
                0x08000ca8                LPTIM4_IRQHandler
                0x08000ca8                TIM8_TRG_COM_TIM14_IRQHandler
                0x08000ca8                LPTIM2_IRQHandler
                0x08000ca8                DFSDM1_FLT1_IRQHandler
                0x08000ca8                DMAMUX2_OVR_IRQHandler
                0x08000ca8                TIM8_UP_TIM13_IRQHandler
                0x08000ca8                I2C3_ER_IRQHandler
                0x08000ca8                DFSDM1_FLT2_IRQHandler
                0x08000ca8                MDMA_IRQHandler
                0x08000ca8                LPTIM3_IRQHandler
                0x08000ca8                HSEM1_IRQHandler
                0x08000ca8                EXTI0_IRQHandler
                0x08000ca8                I2C2_EV_IRQHandler
                0x08000ca8                DMA1_Stream2_IRQHandler
                0x08000ca8                FPU_IRQHandler
                0x08000ca8                OTG_HS_WKUP_IRQHandler
                0x08000ca8                FDCAN1_IT1_IRQHandler
                0x08000ca8                LTDC_ER_IRQHandler
                0x08000ca8                DMA2_Stream2_IRQHandler
                0x08000ca8                HRTIM1_TIME_IRQHandler
                0x08000ca8                SPI1_IRQHandler
                0x08000ca8                TIM6_DAC_IRQHandler
                0x08000ca8                DCMI_IRQHandler
                0x08000ca8                HRTIM1_TIMC_IRQHandler
                0x08000ca8                DMA2_Stream3_IRQHandler
                0x08000ca8                SAI2_IRQHandler
                0x08000ca8                DFSDM1_FLT3_IRQHandler
                0x08000ca8                USART6_IRQHandler
                0x08000ca8                TIM17_IRQHandler
                0x08000ca8                USART3_IRQHandler
                0x08000ca8                BDMA_Channel7_IRQHandler
                0x08000ca8                LPTIM5_IRQHandler
                0x08000ca8                UART5_IRQHandler
                0x08000ca8                ADC3_IRQHandler
                0x08000ca8                DMA2_Stream0_IRQHandler
                0x08000ca8                TIM4_IRQHandler
                0x08000ca8                BDMA_Channel2_IRQHandler
                0x08000ca8                QUADSPI_IRQHandler
                0x08000ca8                I2C1_EV_IRQHandler
                0x08000ca8                DMA1_Stream6_IRQHandler
                0x08000ca8                DMAMUX1_OVR_IRQHandler
                0x08000ca8                DMA1_Stream1_IRQHandler
                0x08000ca8                TIM16_IRQHandler
                0x08000ca8                UART4_IRQHandler
                0x08000ca8                BDMA_Channel5_IRQHandler
                0x08000ca8                TIM3_IRQHandler
                0x08000ca8                RCC_IRQHandler
                0x08000ca8                TIM8_BRK_TIM12_IRQHandler
                0x08000ca8                TIM1_TRG_COM_IRQHandler
                0x08000ca8                Default_Handler
                0x08000ca8                ECC_IRQHandler
                0x08000ca8                CEC_IRQHandler
                0x08000ca8                EXTI15_10_IRQHandler
                0x08000ca8                BDMA_Channel0_IRQHandler
                0x08000ca8                ADC_IRQHandler
                0x08000ca8                DMA1_Stream7_IRQHandler
                0x08000ca8                HRTIM1_TIMA_IRQHandler
                0x08000ca8                SPI5_IRQHandler
                0x08000ca8                TIM7_IRQHandler
                0x08000ca8                SDMMC1_IRQHandler
                0x08000ca8                TIM5_IRQHandler
                0x08000ca8                DMA2_Stream7_IRQHandler
                0x08000ca8                TIM15_IRQHandler
                0x08000ca8                PVD_AVD_IRQHandler
                0x08000ca8                I2C3_EV_IRQHandler
                0x08000ca8                EXTI9_5_IRQHandler
                0x08000ca8                RTC_WKUP_IRQHandler
                0x08000ca8                LTDC_IRQHandler
                0x08000ca8                SAI3_IRQHandler
                0x08000ca8                ETH_WKUP_IRQHandler
                0x08000ca8                SPDIF_RX_IRQHandler
                0x08000ca8                SPI2_IRQHandler
                0x08000ca8                OTG_HS_EP1_IN_IRQHandler
                0x08000ca8                DMA1_Stream0_IRQHandler
                0x08000ca8                CRS_IRQHandler
                0x08000ca8                CM7_SEV_IRQHandler
                0x08000ca8                EXTI4_IRQHandler
                0x08000ca8                RNG_IRQHandler
                0x08000ca8                CM4_SEV_IRQHandler
                0x08000ca8                HRTIM1_TIMB_IRQHandler
                0x08000ca8                FDCAN2_IT1_IRQHandler
                0x08000ca8                DSI_IRQHandler
                0x08000ca8                ETH_IRQHandler
                0x08000ca8                TIM1_UP_IRQHandler
                0x08000ca8                WWDG_RST_IRQHandler
                0x08000ca8                BDMA_Channel4_IRQHandler
                0x08000ca8                OTG_HS_EP1_OUT_IRQHandler
                0x08000ca8                WWDG_IRQHandler
                0x08000ca8                SPI6_IRQHandler
                0x08000ca8                MDIOS_IRQHandler
                0x08000ca8                I2C4_EV_IRQHandler
                0x08000ca8                FDCAN2_IT0_IRQHandler
                0x08000ca8                LPUART1_IRQHandler
                0x08000ca8                FDCAN1_IT0_IRQHandler
                0x08000ca8                TIM2_IRQHandler
                0x08000ca8                OTG_FS_WKUP_IRQHandler
                0x08000ca8                OTG_HS_IRQHandler
                0x08000ca8                HSEM2_IRQHandler
                0x08000ca8                DMA2D_IRQHandler
                0x08000ca8                TIM1_BRK_IRQHandler
                0x08000ca8                EXTI1_IRQHandler
                0x08000ca8                SDMMC2_IRQHandler
                0x08000ca8                OTG_FS_EP1_OUT_IRQHandler
                0x08000ca8                BDMA_Channel3_IRQHandler
                0x08000ca8                HOLD_CORE_IRQHandler
                0x08000ca8                UART7_IRQHandler
                0x08000ca8                MDIOS_WKUP_IRQHandler
                0x08000ca8                USART2_IRQHandler
                0x08000ca8                DFSDM1_FLT0_IRQHandler
                0x08000ca8                SAI4_IRQHandler
                0x08000ca8                I2C2_ER_IRQHandler
                0x08000ca8                DMA2_Stream1_IRQHandler
                0x08000ca8                FLASH_IRQHandler
                0x08000ca8                DMA2_Stream4_IRQHandler
                0x08000ca8                USART1_IRQHandler
                0x08000ca8                OTG_FS_IRQHandler
                0x08000ca8                SPI3_IRQHandler
                0x08000ca8                WAKEUP_PIN_IRQHandler
                0x08000ca8                DMA1_Stream4_IRQHandler
                0x08000ca8                OTG_FS_EP1_IN_IRQHandler
                0x08000ca8                I2C1_ER_IRQHandler
                0x08000ca8                FMC_IRQHandler
                0x08000ca8                FDCAN_CAL_IRQHandler
                0x08000ca8                SWPMI1_IRQHandler
                0x08000ca8                COMP1_IRQHandler
                0x08000ca8                LPTIM1_IRQHandler
                0x08000ca8                I2C4_ER_IRQHandler
                0x08000ca8                DMA2_Stream6_IRQHandler
                0x08000ca8                SAI1_IRQHandler
                0x08000ca8                RTC_Alarm_IRQHandler
 *fill*         0x08000caa        0x2 
 .text.HAL_Init
                0x08000cac       0x78 ./Drivers/STM32H7xx_HAL_Driver/stm32h7xx_hal.o
                0x08000cac                HAL_Init
 .text.HAL_InitTick
                0x08000d24       0x6c ./Drivers/STM32H7xx_HAL_Driver/stm32h7xx_hal.o
                0x08000d24                HAL_InitTick
 .text.HAL_IncTick
                0x08000d90       0x28 ./Drivers/STM32H7xx_HAL_Driver/stm32h7xx_hal.o
                0x08000d90                HAL_IncTick
 .text.HAL_GetTick
                0x08000db8       0x18 ./Drivers/STM32H7xx_HAL_Driver/stm32h7xx_hal.o
                0x08000db8                HAL_GetTick
 .text.HAL_GetREVID
                0x08000dd0       0x18 ./Drivers/STM32H7xx_HAL_Driver/stm32h7xx_hal.o
                0x08000dd0                HAL_GetREVID
 .text.__NVIC_SetPriorityGrouping
                0x08000de8       0x48 ./Drivers/STM32H7xx_HAL_Driver/stm32h7xx_hal_cortex.o
 .text.__NVIC_GetPriorityGrouping
                0x08000e30       0x1c ./Drivers/STM32H7xx_HAL_Driver/stm32h7xx_hal_cortex.o
 .text.__NVIC_SetPriority
                0x08000e4c       0x54 ./Drivers/STM32H7xx_HAL_Driver/stm32h7xx_hal_cortex.o
 .text.NVIC_EncodePriority
                0x08000ea0       0x66 ./Drivers/STM32H7xx_HAL_Driver/stm32h7xx_hal_cortex.o
 *fill*         0x08000f06        0x2 
 .text.SysTick_Config
                0x08000f08       0x44 ./Drivers/STM32H7xx_HAL_Driver/stm32h7xx_hal_cortex.o
 .text.HAL_NVIC_SetPriorityGrouping
                0x08000f4c       0x16 ./Drivers/STM32H7xx_HAL_Driver/stm32h7xx_hal_cortex.o
                0x08000f4c                HAL_NVIC_SetPriorityGrouping
 .text.HAL_NVIC_SetPriority
                0x08000f62       0x34 ./Drivers/STM32H7xx_HAL_Driver/stm32h7xx_hal_cortex.o
                0x08000f62                HAL_NVIC_SetPriority
 .text.HAL_SYSTICK_Config
                0x08000f96       0x18 ./Drivers/STM32H7xx_HAL_Driver/stm32h7xx_hal_cortex.o
                0x08000f96                HAL_SYSTICK_Config
 *fill*         0x08000fae        0x2 
 .text.HAL_HSEM_FastTake
                0x08000fb0       0x34 ./Drivers/STM32H7xx_HAL_Driver/stm32h7xx_hal_hsem.o
                0x08000fb0                HAL_HSEM_FastTake
 .text.HAL_HSEM_Release
                0x08000fe4       0x28 ./Drivers/STM32H7xx_HAL_Driver/stm32h7xx_hal_hsem.o
                0x08000fe4                HAL_HSEM_Release
 .text.HAL_PWREx_ConfigSupply
                0x0800100c       0xb4 ./Drivers/STM32H7xx_HAL_Driver/stm32h7xx_hal_pwr_ex.o
                0x0800100c                HAL_PWREx_ConfigSupply
 .text.HAL_RCC_OscConfig
                0x080010c0      0x8b4 ./Drivers/STM32H7xx_HAL_Driver/stm32h7xx_hal_rcc.o
                0x080010c0                HAL_RCC_OscConfig
 .text.HAL_RCC_ClockConfig
                0x08001974      0x36c ./Drivers/STM32H7xx_HAL_Driver/stm32h7xx_hal_rcc.o
                0x08001974                HAL_RCC_ClockConfig
 .text.HAL_RCC_GetSysClockFreq
                0x08001ce0      0x2f4 ./Drivers/STM32H7xx_HAL_Driver/stm32h7xx_hal_rcc.o
                0x08001ce0                HAL_RCC_GetSysClockFreq
 .text.LL_GPIO_SetPinMode
                0x08001fd4       0x40 ./Drivers/STM32H7xx_HAL_Driver/stm32h7xx_ll_gpio.o
 .text.LL_GPIO_SetPinOutputType
                0x08002014       0x30 ./Drivers/STM32H7xx_HAL_Driver/stm32h7xx_ll_gpio.o
 .text.LL_GPIO_SetPinSpeed
                0x08002044       0x40 ./Drivers/STM32H7xx_HAL_Driver/stm32h7xx_ll_gpio.o
 .text.LL_GPIO_SetPinPull
                0x08002084       0x40 ./Drivers/STM32H7xx_HAL_Driver/stm32h7xx_ll_gpio.o
 .text.LL_GPIO_SetAFPin_0_7
                0x080020c4       0x58 ./Drivers/STM32H7xx_HAL_Driver/stm32h7xx_ll_gpio.o
 .text.LL_GPIO_SetAFPin_8_15
                0x0800211c       0x6c ./Drivers/STM32H7xx_HAL_Driver/stm32h7xx_ll_gpio.o
 .text.LL_GPIO_Init
                0x08002188       0xdc ./Drivers/STM32H7xx_HAL_Driver/stm32h7xx_ll_gpio.o
                0x08002188                LL_GPIO_Init
 .text.LL_mDelay
                0x08002264       0x50 ./Drivers/STM32H7xx_HAL_Driver/stm32h7xx_ll_utils.o
                0x08002264                LL_mDelay
 .text.memset   0x080022b4       0x10 /Applications/STM32CubeIDE.app/Contents/Eclipse/plugins/com.st.stm32cube.ide.mcu.externaltools.gnu-tools-for-stm32.12.3.rel1.macos64_1.0.200.202406191456/tools/bin/../lib/gcc/arm-none-eabi/12.3.1/../../../../arm-none-eabi/lib/thumb/v7e-m+dp/hard/libc_nano.a(libc_a-memset.o)
                0x080022b4                memset
 .text.__libc_init_array
                0x080022c4       0x48 /Applications/STM32CubeIDE.app/Contents/Eclipse/plugins/com.st.stm32cube.ide.mcu.externaltools.gnu-tools-for-stm32.12.3.rel1.macos64_1.0.200.202406191456/tools/bin/../lib/gcc/arm-none-eabi/12.3.1/../../../../arm-none-eabi/lib/thumb/v7e-m+dp/hard/libc_nano.a(libc_a-init.o)
                0x080022c4                __libc_init_array
 *(.glue_7)
 .glue_7        0x0800230c        0x0 linker stubs
 *(.glue_7t)
 .glue_7t       0x0800230c        0x0 linker stubs
 *(.eh_frame)
 .eh_frame      0x0800230c        0x0 /Applications/STM32CubeIDE.app/Contents/Eclipse/plugins/com.st.stm32cube.ide.mcu.externaltools.gnu-tools-for-stm32.12.3.rel1.macos64_1.0.200.202406191456/tools/bin/../lib/gcc/arm-none-eabi/12.3.1/thumb/v7e-m+dp/hard/crtbegin.o
 *(.init)
 .init          0x0800230c        0x4 /Applications/STM32CubeIDE.app/Contents/Eclipse/plugins/com.st.stm32cube.ide.mcu.externaltools.gnu-tools-for-stm32.12.3.rel1.macos64_1.0.200.202406191456/tools/bin/../lib/gcc/arm-none-eabi/12.3.1/thumb/v7e-m+dp/hard/crti.o
                0x0800230c                _init
 .init          0x08002310        0x8 /Applications/STM32CubeIDE.app/Contents/Eclipse/plugins/com.st.stm32cube.ide.mcu.externaltools.gnu-tools-for-stm32.12.3.rel1.macos64_1.0.200.202406191456/tools/bin/../lib/gcc/arm-none-eabi/12.3.1/thumb/v7e-m+dp/hard/crtn.o
 *(.fini)
 .fini          0x08002318        0x4 /Applications/STM32CubeIDE.app/Contents/Eclipse/plugins/com.st.stm32cube.ide.mcu.externaltools.gnu-tools-for-stm32.12.3.rel1.macos64_1.0.200.202406191456/tools/bin/../lib/gcc/arm-none-eabi/12.3.1/thumb/v7e-m+dp/hard/crti.o
                0x08002318                _fini
 .fini          0x0800231c        0x8 /Applications/STM32CubeIDE.app/Contents/Eclipse/plugins/com.st.stm32cube.ide.mcu.externaltools.gnu-tools-for-stm32.12.3.rel1.macos64_1.0.200.202406191456/tools/bin/../lib/gcc/arm-none-eabi/12.3.1/thumb/v7e-m+dp/hard/crtn.o
                0x08002324                        . = ALIGN (0x4)
                0x08002324                        _etext = .

.vfp11_veneer   0x08002324        0x0
 .vfp11_veneer  0x08002324        0x0 linker stubs

.v4_bx          0x08002324        0x0
 .v4_bx         0x08002324        0x0 linker stubs

.iplt           0x08002324        0x0
 .iplt          0x08002324        0x0 /Applications/STM32CubeIDE.app/Contents/Eclipse/plugins/com.st.stm32cube.ide.mcu.externaltools.gnu-tools-for-stm32.12.3.rel1.macos64_1.0.200.202406191456/tools/bin/../lib/gcc/arm-none-eabi/12.3.1/thumb/v7e-m+dp/hard/crtbegin.o

.rodata         0x08002324       0x20
                0x08002324                        . = ALIGN (0x4)
 *(.rodata)
 .rodata        0x08002324       0x10 ./Core/Src/main.o
 *(.rodata*)
 .rodata.D1CorePrescTable
                0x08002334       0x10 ./Common/Src/system_stm32h7xx_dualcore_boot_cm4_cm7.o
                0x08002334                D1CorePrescTable
                0x08002344                        . = ALIGN (0x4)

.ARM.extab      0x08002344        0x0
                0x08002344                        . = ALIGN (0x4)
 *(.ARM.extab* .gnu.linkonce.armextab.*)
                0x08002344                        . = ALIGN (0x4)

.ARM            0x08002344        0x0
                0x08002344                        . = ALIGN (0x4)
                0x08002344                        __exidx_start = .
 *(.ARM.exidx*)
                0x08002344                        __exidx_end = .
                0x08002344                        . = ALIGN (0x4)

.preinit_array  0x08002344        0x0
                0x08002344                        . = ALIGN (0x4)
                0x08002344                        PROVIDE (__preinit_array_start = .)
 *(.preinit_array*)
                0x08002344                        PROVIDE (__preinit_array_end = .)
                0x08002344                        . = ALIGN (0x4)

.init_array     0x08002344        0x4
                0x08002344                        . = ALIGN (0x4)
                0x08002344                        PROVIDE (__init_array_start = .)
 *(SORT_BY_NAME(.init_array.*))
 *(.init_array*)
 .init_array    0x08002344        0x4 /Applications/STM32CubeIDE.app/Contents/Eclipse/plugins/com.st.stm32cube.ide.mcu.externaltools.gnu-tools-for-stm32.12.3.rel1.macos64_1.0.200.202406191456/tools/bin/../lib/gcc/arm-none-eabi/12.3.1/thumb/v7e-m+dp/hard/crtbegin.o
                0x08002348                        PROVIDE (__init_array_end = .)
                0x08002348                        . = ALIGN (0x4)

.fini_array     0x08002348        0x4
                0x08002348                        . = ALIGN (0x4)
                [!provide]                        PROVIDE (__fini_array_start = .)
 *(SORT_BY_NAME(.fini_array.*))
 *(.fini_array*)
 .fini_array    0x08002348        0x4 /Applications/STM32CubeIDE.app/Contents/Eclipse/plugins/com.st.stm32cube.ide.mcu.externaltools.gnu-tools-for-stm32.12.3.rel1.macos64_1.0.200.202406191456/tools/bin/../lib/gcc/arm-none-eabi/12.3.1/thumb/v7e-m+dp/hard/crtbegin.o
                [!provide]                        PROVIDE (__fini_array_end = .)
                0x0800234c                        . = ALIGN (0x4)
                0x0800234c                        _sidata = LOADADDR (.data)

.rel.dyn        0x0800234c        0x0
 .rel.iplt      0x0800234c        0x0 /Applications/STM32CubeIDE.app/Contents/Eclipse/plugins/com.st.stm32cube.ide.mcu.externaltools.gnu-tools-for-stm32.12.3.rel1.macos64_1.0.200.202406191456/tools/bin/../lib/gcc/arm-none-eabi/12.3.1/thumb/v7e-m+dp/hard/crtbegin.o

.data           0x24000000       0x10 load address 0x0800234c
                0x24000000                        . = ALIGN (0x4)
                0x24000000                        _sdata = .
 *(.data)
 *(.data*)
 .data.SystemCoreClock
                0x24000000        0x4 ./Common/Src/system_stm32h7xx_dualcore_boot_cm4_cm7.o
                0x24000000                SystemCoreClock
 .data.SystemD2Clock
                0x24000004        0x4 ./Common/Src/system_stm32h7xx_dualcore_boot_cm4_cm7.o
                0x24000004                SystemD2Clock
 .data.uwTickPrio
                0x24000008        0x4 ./Drivers/STM32H7xx_HAL_Driver/stm32h7xx_hal.o
                0x24000008                uwTickPrio
 .data.uwTickFreq
                0x2400000c        0x1 ./Drivers/STM32H7xx_HAL_Driver/stm32h7xx_hal.o
                0x2400000c                uwTickFreq
 *(.RamFunc)
 *(.RamFunc*)
                0x24000010                        . = ALIGN (0x4)
 *fill*         0x2400000d        0x3 
                0x24000010                        _edata = .

.igot.plt       0x24000010        0x0 load address 0x0800235c
 .igot.plt      0x24000010        0x0 /Applications/STM32CubeIDE.app/Contents/Eclipse/plugins/com.st.stm32cube.ide.mcu.externaltools.gnu-tools-for-stm32.12.3.rel1.macos64_1.0.200.202406191456/tools/bin/../lib/gcc/arm-none-eabi/12.3.1/thumb/v7e-m+dp/hard/crtbegin.o
                0x24000010                        . = ALIGN (0x4)

.bss            0x24000010       0x30 load address 0x0800235c
                0x24000010                        _sbss = .
                0x24000010                        __bss_start__ = _sbss
 *(.bss)
 .bss           0x24000010       0x1c /Applications/STM32CubeIDE.app/Contents/Eclipse/plugins/com.st.stm32cube.ide.mcu.externaltools.gnu-tools-for-stm32.12.3.rel1.macos64_1.0.200.202406191456/tools/bin/../lib/gcc/arm-none-eabi/12.3.1/thumb/v7e-m+dp/hard/crtbegin.o
 *(.bss*)
 .bss.up_last_state
                0x2400002c        0x1 ./Core/Src/main.o
                0x2400002c                up_last_state
 .bss.up_current_state
                0x2400002d        0x1 ./Core/Src/main.o
                0x2400002d                up_current_state
 .bss.down_last_state
                0x2400002e        0x1 ./Core/Src/main.o
                0x2400002e                down_last_state
 .bss.down_current_state
                0x2400002f        0x1 ./Core/Src/main.o
                0x2400002f                down_current_state
 .bss.left_last_state
                0x24000030        0x1 ./Core/Src/main.o
                0x24000030                left_last_state
 .bss.left_current_state
                0x24000031        0x1 ./Core/Src/main.o
                0x24000031                left_current_state
 .bss.right_last_state
                0x24000032        0x1 ./Core/Src/main.o
                0x24000032                right_last_state
 .bss.right_current_state
                0x24000033        0x1 ./Core/Src/main.o
                0x24000033                right_current_state
 .bss.select_last_state
                0x24000034        0x1 ./Core/Src/main.o
                0x24000034                select_last_state
 .bss.select_current_state
                0x24000035        0x1 ./Core/Src/main.o
                0x24000035                select_current_state
 .bss.a0_state  0x24000036        0x1 ./Core/Src/main.o
                0x24000036                a0_state
 .bss.a1_state  0x24000037        0x1 ./Core/Src/main.o
                0x24000037                a1_state
 .bss.a2_state  0x24000038        0x1 ./Core/Src/main.o
                0x24000038                a2_state
 .bss.a3_state  0x24000039        0x1 ./Core/Src/main.o
                0x24000039                a3_state
 .bss.leds_locked
                0x2400003a        0x1 ./Core/Src/main.o
                0x2400003a                leds_locked
 .bss.select_off
                0x2400003b        0x1 ./Core/Src/main.o
                0x2400003b                select_off
 .bss.uwTick    0x2400003c        0x4 ./Drivers/STM32H7xx_HAL_Driver/stm32h7xx_hal.o
                0x2400003c                uwTick
 *(COMMON)
                0x24000040                        . = ALIGN (0x4)
                0x24000040                        _ebss = .
                0x24000040                        __bss_end__ = _ebss

._user_heap_stack
                0x24000040      0x600 load address 0x0800235c
                0x24000040                        . = ALIGN (0x8)
                [!provide]                        PROVIDE (end = .)
                0x24000040                        PROVIDE (_end = .)
                0x24000240                        . = (. + _Min_Heap_Size)
 *fill*         0x24000040      0x200 
                0x24000640                        . = (. + _Min_Stack_Size)
 *fill*         0x24000240      0x400 
                0x24000640                        . = ALIGN (0x8)

/DISCARD/
 libc.a(*)
 libm.a(*)
 libgcc.a(*)

.ARM.attributes
                0x00000000       0x2e
 *(.ARM.attributes)
 .ARM.attributes
                0x00000000       0x20 /Applications/STM32CubeIDE.app/Contents/Eclipse/plugins/com.st.stm32cube.ide.mcu.externaltools.gnu-tools-for-stm32.12.3.rel1.macos64_1.0.200.202406191456/tools/bin/../lib/gcc/arm-none-eabi/12.3.1/thumb/v7e-m+dp/hard/crti.o
 .ARM.attributes
                0x00000020       0x32 /Applications/STM32CubeIDE.app/Contents/Eclipse/plugins/com.st.stm32cube.ide.mcu.externaltools.gnu-tools-for-stm32.12.3.rel1.macos64_1.0.200.202406191456/tools/bin/../lib/gcc/arm-none-eabi/12.3.1/thumb/v7e-m+dp/hard/crtbegin.o
 .ARM.attributes
                0x00000052       0x32 ./Common/Src/system_stm32h7xx_dualcore_boot_cm4_cm7.o
 .ARM.attributes
                0x00000084       0x32 ./Core/Src/main.o
 .ARM.attributes
                0x000000b6       0x32 ./Core/Src/stm32h7xx_hal_msp.o
 .ARM.attributes
                0x000000e8       0x32 ./Core/Src/stm32h7xx_it.o
 .ARM.attributes
                0x0000011a       0x21 ./Core/Startup/startup_stm32h747xihx.o
 .ARM.attributes
                0x0000013b       0x32 ./Drivers/STM32H7xx_HAL_Driver/stm32h7xx_hal.o
 .ARM.attributes
                0x0000016d       0x32 ./Drivers/STM32H7xx_HAL_Driver/stm32h7xx_hal_cortex.o
 .ARM.attributes
                0x0000019f       0x32 ./Drivers/STM32H7xx_HAL_Driver/stm32h7xx_hal_hsem.o
 .ARM.attributes
                0x000001d1       0x32 ./Drivers/STM32H7xx_HAL_Driver/stm32h7xx_hal_pwr_ex.o
 .ARM.attributes
                0x00000203       0x32 ./Drivers/STM32H7xx_HAL_Driver/stm32h7xx_hal_rcc.o
 .ARM.attributes
                0x00000235       0x32 ./Drivers/STM32H7xx_HAL_Driver/stm32h7xx_ll_gpio.o
 .ARM.attributes
                0x00000267       0x32 ./Drivers/STM32H7xx_HAL_Driver/stm32h7xx_ll_utils.o
 .ARM.attributes
                0x00000299       0x32 /Applications/STM32CubeIDE.app/Contents/Eclipse/plugins/com.st.stm32cube.ide.mcu.externaltools.gnu-tools-for-stm32.12.3.rel1.macos64_1.0.200.202406191456/tools/bin/../lib/gcc/arm-none-eabi/12.3.1/../../../../arm-none-eabi/lib/thumb/v7e-m+dp/hard/libc_nano.a(libc_a-memset.o)
 .ARM.attributes
                0x000002cb       0x32 /Applications/STM32CubeIDE.app/Contents/Eclipse/plugins/com.st.stm32cube.ide.mcu.externaltools.gnu-tools-for-stm32.12.3.rel1.macos64_1.0.200.202406191456/tools/bin/../lib/gcc/arm-none-eabi/12.3.1/../../../../arm-none-eabi/lib/thumb/v7e-m+dp/hard/libc_nano.a(libc_a-init.o)
 .ARM.attributes
                0x000002fd       0x20 /Applications/STM32CubeIDE.app/Contents/Eclipse/plugins/com.st.stm32cube.ide.mcu.externaltools.gnu-tools-for-stm32.12.3.rel1.macos64_1.0.200.202406191456/tools/bin/../lib/gcc/arm-none-eabi/12.3.1/thumb/v7e-m+dp/hard/crtn.o
OUTPUT(lab02_CM7.elf elf32-littlearm)
LOAD linker stubs
LOAD /Applications/STM32CubeIDE.app/Contents/Eclipse/plugins/com.st.stm32cube.ide.mcu.externaltools.gnu-tools-for-stm32.12.3.rel1.macos64_1.0.200.202406191456/tools/bin/../lib/gcc/arm-none-eabi/12.3.1/../../../../arm-none-eabi/lib/thumb/v7e-m+dp/hard/libc.a
LOAD /Applications/STM32CubeIDE.app/Contents/Eclipse/plugins/com.st.stm32cube.ide.mcu.externaltools.gnu-tools-for-stm32.12.3.rel1.macos64_1.0.200.202406191456/tools/bin/../lib/gcc/arm-none-eabi/12.3.1/../../../../arm-none-eabi/lib/thumb/v7e-m+dp/hard/libm.a
LOAD /Applications/STM32CubeIDE.app/Contents/Eclipse/plugins/com.st.stm32cube.ide.mcu.externaltools.gnu-tools-for-stm32.12.3.rel1.macos64_1.0.200.202406191456/tools/bin/../lib/gcc/arm-none-eabi/12.3.1/thumb/v7e-m+dp/hard/libgcc.a

.debug_info     0x00000000     0x88d1
 .debug_info    0x00000000      0xdb0 ./Common/Src/system_stm32h7xx_dualcore_boot_cm4_cm7.o
 .debug_info    0x00000db0      0xf99 ./Core/Src/main.o
 .debug_info    0x00001d49      0x4a8 ./Core/Src/stm32h7xx_hal_msp.o
 .debug_info    0x000021f1      0x16c ./Core/Src/stm32h7xx_it.o
 .debug_info    0x0000235d       0x30 ./Core/Startup/startup_stm32h747xihx.o
 .debug_info    0x0000238d     0x177a ./Drivers/STM32H7xx_HAL_Driver/stm32h7xx_hal.o
 .debug_info    0x00003b07     0x10d0 ./Drivers/STM32H7xx_HAL_Driver/stm32h7xx_hal_cortex.o
 .debug_info    0x00004bd7      0x3d3 ./Drivers/STM32H7xx_HAL_Driver/stm32h7xx_hal_hsem.o
 .debug_info    0x00004faa     0x121b ./Drivers/STM32H7xx_HAL_Driver/stm32h7xx_hal_pwr_ex.o
 .debug_info    0x000061c5      0xe58 ./Drivers/STM32H7xx_HAL_Driver/stm32h7xx_hal_rcc.o
 .debug_info    0x0000701d      0x89f ./Drivers/STM32H7xx_HAL_Driver/stm32h7xx_ll_gpio.o
 .debug_info    0x000078bc     0x1015 ./Drivers/STM32H7xx_HAL_Driver/stm32h7xx_ll_utils.o

.debug_abbrev   0x00000000     0x1843
 .debug_abbrev  0x00000000      0x14c ./Common/Src/system_stm32h7xx_dualcore_boot_cm4_cm7.o
 .debug_abbrev  0x0000014c      0x373 ./Core/Src/main.o
 .debug_abbrev  0x000004bf       0xe2 ./Core/Src/stm32h7xx_hal_msp.o
 .debug_abbrev  0x000005a1       0xac ./Core/Src/stm32h7xx_it.o
 .debug_abbrev  0x0000064d       0x24 ./Core/Startup/startup_stm32h747xihx.o
 .debug_abbrev  0x00000671      0x295 ./Drivers/STM32H7xx_HAL_Driver/stm32h7xx_hal.o
 .debug_abbrev  0x00000906      0x339 ./Drivers/STM32H7xx_HAL_Driver/stm32h7xx_hal_cortex.o
 .debug_abbrev  0x00000c3f      0x1d3 ./Drivers/STM32H7xx_HAL_Driver/stm32h7xx_hal_hsem.o
 .debug_abbrev  0x00000e12      0x2d7 ./Drivers/STM32H7xx_HAL_Driver/stm32h7xx_hal_pwr_ex.o
 .debug_abbrev  0x000010e9      0x2c8 ./Drivers/STM32H7xx_HAL_Driver/stm32h7xx_hal_rcc.o
 .debug_abbrev  0x000013b1      0x22a ./Drivers/STM32H7xx_HAL_Driver/stm32h7xx_ll_gpio.o
 .debug_abbrev  0x000015db      0x268 ./Drivers/STM32H7xx_HAL_Driver/stm32h7xx_ll_utils.o

.debug_aranges  0x00000000      0x908
 .debug_aranges
                0x00000000       0x28 ./Common/Src/system_stm32h7xx_dualcore_boot_cm4_cm7.o
 .debug_aranges
                0x00000028       0xc8 ./Core/Src/main.o
 .debug_aranges
                0x000000f0       0x20 ./Core/Src/stm32h7xx_hal_msp.o
 .debug_aranges
                0x00000110       0x60 ./Core/Src/stm32h7xx_it.o
 .debug_aranges
                0x00000170       0x28 ./Core/Startup/startup_stm32h747xihx.o
 .debug_aranges
                0x00000198      0x200 ./Drivers/STM32H7xx_HAL_Driver/stm32h7xx_hal.o
 .debug_aranges
                0x00000398      0x130 ./Drivers/STM32H7xx_HAL_Driver/stm32h7xx_hal_cortex.o
 .debug_aranges
                0x000004c8       0x70 ./Drivers/STM32H7xx_HAL_Driver/stm32h7xx_hal_hsem.o
 .debug_aranges
                0x00000538      0x170 ./Drivers/STM32H7xx_HAL_Driver/stm32h7xx_hal_pwr_ex.o
 .debug_aranges
                0x000006a8       0x88 ./Drivers/STM32H7xx_HAL_Driver/stm32h7xx_hal_rcc.o
 .debug_aranges
                0x00000730       0x70 ./Drivers/STM32H7xx_HAL_Driver/stm32h7xx_ll_gpio.o
 .debug_aranges
                0x000007a0      0x168 ./Drivers/STM32H7xx_HAL_Driver/stm32h7xx_ll_utils.o

.debug_rnglists
                0x00000000      0x6ac
 .debug_rnglists
                0x00000000       0x1b ./Common/Src/system_stm32h7xx_dualcore_boot_cm4_cm7.o
 .debug_rnglists
                0x0000001b       0x95 ./Core/Src/main.o
 .debug_rnglists
                0x000000b0       0x13 ./Core/Src/stm32h7xx_hal_msp.o
 .debug_rnglists
                0x000000c3       0x43 ./Core/Src/stm32h7xx_it.o
 .debug_rnglists
                0x00000106       0x19 ./Core/Startup/startup_stm32h747xihx.o
 .debug_rnglists
                0x0000011f      0x180 ./Drivers/STM32H7xx_HAL_Driver/stm32h7xx_hal.o
 .debug_rnglists
                0x0000029f       0xe0 ./Drivers/STM32H7xx_HAL_Driver/stm32h7xx_hal_cortex.o
 .debug_rnglists
                0x0000037f       0x4f ./Drivers/STM32H7xx_HAL_Driver/stm32h7xx_hal_hsem.o
 .debug_rnglists
                0x000003ce      0x117 ./Drivers/STM32H7xx_HAL_Driver/stm32h7xx_hal_pwr_ex.o
 .debug_rnglists
                0x000004e5       0x68 ./Drivers/STM32H7xx_HAL_Driver/stm32h7xx_hal_rcc.o
 .debug_rnglists
                0x0000054d       0x51 ./Drivers/STM32H7xx_HAL_Driver/stm32h7xx_ll_gpio.o
 .debug_rnglists
                0x0000059e      0x10e ./Drivers/STM32H7xx_HAL_Driver/stm32h7xx_ll_utils.o

.debug_macro    0x00000000    0x3fb56
 .debug_macro   0x00000000      0x280 ./Common/Src/system_stm32h7xx_dualcore_boot_cm4_cm7.o
 .debug_macro   0x00000280      0xad8 ./Common/Src/system_stm32h7xx_dualcore_boot_cm4_cm7.o
 .debug_macro   0x00000d58       0x2e ./Common/Src/system_stm32h7xx_dualcore_boot_cm4_cm7.o
 .debug_macro   0x00000d86       0x49 ./Common/Src/system_stm32h7xx_dualcore_boot_cm4_cm7.o
 .debug_macro   0x00000dcf       0x22 ./Common/Src/system_stm32h7xx_dualcore_boot_cm4_cm7.o
 .debug_macro   0x00000df1       0x8e ./Common/Src/system_stm32h7xx_dualcore_boot_cm4_cm7.o
 .debug_macro   0x00000e7f       0x51 ./Common/Src/system_stm32h7xx_dualcore_boot_cm4_cm7.o
 .debug_macro   0x00000ed0      0x103 ./Common/Src/system_stm32h7xx_dualcore_boot_cm4_cm7.o
 .debug_macro   0x00000fd3       0x6a ./Common/Src/system_stm32h7xx_dualcore_boot_cm4_cm7.o
 .debug_macro   0x0000103d      0x1df ./Common/Src/system_stm32h7xx_dualcore_boot_cm4_cm7.o
 .debug_macro   0x0000121c       0x1c ./Common/Src/system_stm32h7xx_dualcore_boot_cm4_cm7.o
 .debug_macro   0x00001238       0x22 ./Common/Src/system_stm32h7xx_dualcore_boot_cm4_cm7.o
 .debug_macro   0x0000125a       0xfb ./Common/Src/system_stm32h7xx_dualcore_boot_cm4_cm7.o
 .debug_macro   0x00001355     0x1305 ./Common/Src/system_stm32h7xx_dualcore_boot_cm4_cm7.o
 .debug_macro   0x0000265a      0x11f ./Common/Src/system_stm32h7xx_dualcore_boot_cm4_cm7.o
 .debug_macro   0x00002779       0x27 ./Common/Src/system_stm32h7xx_dualcore_boot_cm4_cm7.o
 .debug_macro   0x000027a0    0x2c795 ./Common/Src/system_stm32h7xx_dualcore_boot_cm4_cm7.o
 .debug_macro   0x0002ef35       0x6d ./Common/Src/system_stm32h7xx_dualcore_boot_cm4_cm7.o
 .debug_macro   0x0002efa2      0x22c ./Common/Src/system_stm32h7xx_dualcore_boot_cm4_cm7.o
 .debug_macro   0x0002f1ce     0x3d79 ./Common/Src/system_stm32h7xx_dualcore_boot_cm4_cm7.o
 .debug_macro   0x00032f47      0x189 ./Common/Src/system_stm32h7xx_dualcore_boot_cm4_cm7.o
 .debug_macro   0x000330d0       0x61 ./Common/Src/system_stm32h7xx_dualcore_boot_cm4_cm7.o
 .debug_macro   0x00033131       0x29 ./Common/Src/system_stm32h7xx_dualcore_boot_cm4_cm7.o
 .debug_macro   0x0003315a       0x43 ./Common/Src/system_stm32h7xx_dualcore_boot_cm4_cm7.o
 .debug_macro   0x0003319d       0x34 ./Common/Src/system_stm32h7xx_dualcore_boot_cm4_cm7.o
 .debug_macro   0x000331d1       0x16 ./Common/Src/system_stm32h7xx_dualcore_boot_cm4_cm7.o
 .debug_macro   0x000331e7       0x43 ./Common/Src/system_stm32h7xx_dualcore_boot_cm4_cm7.o
 .debug_macro   0x0003322a       0x34 ./Common/Src/system_stm32h7xx_dualcore_boot_cm4_cm7.o
 .debug_macro   0x0003325e       0x10 ./Common/Src/system_stm32h7xx_dualcore_boot_cm4_cm7.o
 .debug_macro   0x0003326e       0x58 ./Common/Src/system_stm32h7xx_dualcore_boot_cm4_cm7.o
 .debug_macro   0x000332c6       0x8e ./Common/Src/system_stm32h7xx_dualcore_boot_cm4_cm7.o
 .debug_macro   0x00033354       0x1c ./Common/Src/system_stm32h7xx_dualcore_boot_cm4_cm7.o
 .debug_macro   0x00033370      0x177 ./Common/Src/system_stm32h7xx_dualcore_boot_cm4_cm7.o
 .debug_macro   0x000334e7      0x369 ./Common/Src/system_stm32h7xx_dualcore_boot_cm4_cm7.o
 .debug_macro   0x00033850      0x19b ./Common/Src/system_stm32h7xx_dualcore_boot_cm4_cm7.o
 .debug_macro   0x000339eb       0x5d ./Common/Src/system_stm32h7xx_dualcore_boot_cm4_cm7.o
 .debug_macro   0x00033a48     0x3ae3 ./Common/Src/system_stm32h7xx_dualcore_boot_cm4_cm7.o
 .debug_macro   0x0003752b     0x1095 ./Common/Src/system_stm32h7xx_dualcore_boot_cm4_cm7.o
 .debug_macro   0x000385c0      0x154 ./Common/Src/system_stm32h7xx_dualcore_boot_cm4_cm7.o
 .debug_macro   0x00038714      0x130 ./Common/Src/system_stm32h7xx_dualcore_boot_cm4_cm7.o
 .debug_macro   0x00038844      0x3c9 ./Common/Src/system_stm32h7xx_dualcore_boot_cm4_cm7.o
 .debug_macro   0x00038c0d       0xac ./Common/Src/system_stm32h7xx_dualcore_boot_cm4_cm7.o
 .debug_macro   0x00038cb9      0x72d ./Common/Src/system_stm32h7xx_dualcore_boot_cm4_cm7.o
 .debug_macro   0x000393e6      0x228 ./Common/Src/system_stm32h7xx_dualcore_boot_cm4_cm7.o
 .debug_macro   0x0003960e       0x66 ./Common/Src/system_stm32h7xx_dualcore_boot_cm4_cm7.o
 .debug_macro   0x00039674      0x3c9 ./Common/Src/system_stm32h7xx_dualcore_boot_cm4_cm7.o
 .debug_macro   0x00039a3d      0x407 ./Common/Src/system_stm32h7xx_dualcore_boot_cm4_cm7.o
 .debug_macro   0x00039e44      0x27c ./Common/Src/system_stm32h7xx_dualcore_boot_cm4_cm7.o
 .debug_macro   0x0003a0c0      0x3ca ./Common/Src/system_stm32h7xx_dualcore_boot_cm4_cm7.o
 .debug_macro   0x0003a48a      0x4a2 ./Common/Src/system_stm32h7xx_dualcore_boot_cm4_cm7.o
 .debug_macro   0x0003a92c       0x51 ./Common/Src/system_stm32h7xx_dualcore_boot_cm4_cm7.o
 .debug_macro   0x0003a97d       0x4a ./Common/Src/system_stm32h7xx_dualcore_boot_cm4_cm7.o
 .debug_macro   0x0003a9c7      0x22c ./Common/Src/system_stm32h7xx_dualcore_boot_cm4_cm7.o
 .debug_macro   0x0003abf3       0x67 ./Common/Src/system_stm32h7xx_dualcore_boot_cm4_cm7.o
 .debug_macro   0x0003ac5a       0xa5 ./Common/Src/system_stm32h7xx_dualcore_boot_cm4_cm7.o
 .debug_macro   0x0003acff      0x218 ./Common/Src/system_stm32h7xx_dualcore_boot_cm4_cm7.o
 .debug_macro   0x0003af17      0x2ea ./Common/Src/system_stm32h7xx_dualcore_boot_cm4_cm7.o
 .debug_macro   0x0003b201       0x35 ./Common/Src/system_stm32h7xx_dualcore_boot_cm4_cm7.o
 .debug_macro   0x0003b236      0x798 ./Common/Src/system_stm32h7xx_dualcore_boot_cm4_cm7.o
 .debug_macro   0x0003b9ce      0x303 ./Core/Src/main.o
 .debug_macro   0x0003bcd1      0x384 ./Core/Src/main.o
 .debug_macro   0x0003c055      0x165 ./Core/Src/main.o
 .debug_macro   0x0003c1ba      0x2e2 ./Core/Src/main.o
 .debug_macro   0x0003c49c      0x351 ./Core/Src/main.o
 .debug_macro   0x0003c7ed      0x1e0 ./Core/Src/main.o
 .debug_macro   0x0003c9cd      0x9f1 ./Core/Src/main.o
 .debug_macro   0x0003d3be       0x46 ./Core/Src/main.o
 .debug_macro   0x0003d404      0x284 ./Core/Src/main.o
 .debug_macro   0x0003d688      0x79a ./Core/Src/main.o
 .debug_macro   0x0003de22      0x1ae ./Core/Src/main.o
 .debug_macro   0x0003dfd0       0x70 ./Core/Src/main.o
 .debug_macro   0x0003e040      0x2fd ./Core/Src/stm32h7xx_hal_msp.o
 .debug_macro   0x0003e33d      0x307 ./Core/Src/stm32h7xx_it.o
 .debug_macro   0x0003e644      0x2aa ./Drivers/STM32H7xx_HAL_Driver/stm32h7xx_hal.o
 .debug_macro   0x0003e8ee      0x280 ./Drivers/STM32H7xx_HAL_Driver/stm32h7xx_hal_cortex.o
 .debug_macro   0x0003eb6e      0x292 ./Drivers/STM32H7xx_HAL_Driver/stm32h7xx_hal_hsem.o
 .debug_macro   0x0003ee00      0x2b9 ./Drivers/STM32H7xx_HAL_Driver/stm32h7xx_hal_pwr_ex.o
 .debug_macro   0x0003f0b9      0x2a4 ./Drivers/STM32H7xx_HAL_Driver/stm32h7xx_hal_rcc.o
 .debug_macro   0x0003f35d      0x2c2 ./Drivers/STM32H7xx_HAL_Driver/stm32h7xx_ll_gpio.o
 .debug_macro   0x0003f61f      0x15f ./Drivers/STM32H7xx_HAL_Driver/stm32h7xx_ll_gpio.o
 .debug_macro   0x0003f77e      0x3d8 ./Drivers/STM32H7xx_HAL_Driver/stm32h7xx_ll_utils.o

.debug_line     0x00000000     0x90cb
 .debug_line    0x00000000      0xa3f ./Common/Src/system_stm32h7xx_dualcore_boot_cm4_cm7.o
 .debug_line    0x00000a3f      0xd84 ./Core/Src/main.o
 .debug_line    0x000017c3      0x90e ./Core/Src/stm32h7xx_hal_msp.o
 .debug_line    0x000020d1      0x9d1 ./Core/Src/stm32h7xx_it.o
 .debug_line    0x00002aa2       0x7a ./Core/Startup/startup_stm32h747xihx.o
 .debug_line    0x00002b1c      0xf6f ./Drivers/STM32H7xx_HAL_Driver/stm32h7xx_hal.o
 .debug_line    0x00003a8b      0xe4b ./Drivers/STM32H7xx_HAL_Driver/stm32h7xx_hal_cortex.o
 .debug_line    0x000048d6      0x9d8 ./Drivers/STM32H7xx_HAL_Driver/stm32h7xx_hal_hsem.o
 .debug_line    0x000052ae     0x1050 ./Drivers/STM32H7xx_HAL_Driver/stm32h7xx_hal_pwr_ex.o
 .debug_line    0x000062fe     0x13e0 ./Drivers/STM32H7xx_HAL_Driver/stm32h7xx_hal_rcc.o
 .debug_line    0x000076de      0xa65 ./Drivers/STM32H7xx_HAL_Driver/stm32h7xx_ll_gpio.o
 .debug_line    0x00008143      0xf88 ./Drivers/STM32H7xx_HAL_Driver/stm32h7xx_ll_utils.o

.debug_str      0x00000000   0x19ec89
 .debug_str     0x00000000   0x189093 ./Common/Src/system_stm32h7xx_dualcore_boot_cm4_cm7.o
                             0x189d1e (size before relaxing)
 .debug_str     0x00189093    0x11b80 ./Core/Src/main.o
                             0x19b4d0 (size before relaxing)
 .debug_str     0x0019ac13       0x2c ./Core/Src/stm32h7xx_hal_msp.o
                             0x19ae8d (size before relaxing)
 .debug_str     0x0019ac3f       0xc9 ./Core/Src/stm32h7xx_it.o
                             0x19acec (size before relaxing)
 .debug_str     0x0019ad08       0x44 ./Core/Startup/startup_stm32h747xihx.o
                                 0x8b (size before relaxing)
 .debug_str     0x0019ad4c     0x11c4 ./Drivers/STM32H7xx_HAL_Driver/stm32h7xx_hal.o
                             0x18adcb (size before relaxing)
 .debug_str     0x0019bf10      0x3cc ./Drivers/STM32H7xx_HAL_Driver/stm32h7xx_hal_cortex.o
                             0x18a632 (size before relaxing)
 .debug_str     0x0019c2dc      0x220 ./Drivers/STM32H7xx_HAL_Driver/stm32h7xx_hal_hsem.o
                             0x18994e (size before relaxing)
 .debug_str     0x0019c4fc      0x6b8 ./Drivers/STM32H7xx_HAL_Driver/stm32h7xx_hal_pwr_ex.o
                             0x18a1ce (size before relaxing)
 .debug_str     0x0019cbb4      0x281 ./Drivers/STM32H7xx_HAL_Driver/stm32h7xx_hal_rcc.o
                             0x18a044 (size before relaxing)
 .debug_str     0x0019ce35      0x68a ./Drivers/STM32H7xx_HAL_Driver/stm32h7xx_ll_gpio.o
                             0x18be68 (size before relaxing)
 .debug_str     0x0019d4bf     0x17ca ./Drivers/STM32H7xx_HAL_Driver/stm32h7xx_ll_utils.o
                             0x196865 (size before relaxing)

.comment        0x00000000       0x43
 .comment       0x00000000       0x43 ./Common/Src/system_stm32h7xx_dualcore_boot_cm4_cm7.o
                                 0x44 (size before relaxing)
 .comment       0x00000043       0x44 ./Core/Src/main.o
 .comment       0x00000043       0x44 ./Core/Src/stm32h7xx_hal_msp.o
 .comment       0x00000043       0x44 ./Core/Src/stm32h7xx_it.o
 .comment       0x00000043       0x44 ./Drivers/STM32H7xx_HAL_Driver/stm32h7xx_hal.o
 .comment       0x00000043       0x44 ./Drivers/STM32H7xx_HAL_Driver/stm32h7xx_hal_cortex.o
 .comment       0x00000043       0x44 ./Drivers/STM32H7xx_HAL_Driver/stm32h7xx_hal_hsem.o
 .comment       0x00000043       0x44 ./Drivers/STM32H7xx_HAL_Driver/stm32h7xx_hal_pwr_ex.o
 .comment       0x00000043       0x44 ./Drivers/STM32H7xx_HAL_Driver/stm32h7xx_hal_rcc.o
 .comment       0x00000043       0x44 ./Drivers/STM32H7xx_HAL_Driver/stm32h7xx_ll_gpio.o
 .comment       0x00000043       0x44 ./Drivers/STM32H7xx_HAL_Driver/stm32h7xx_ll_utils.o

.debug_frame    0x00000000     0x2378
 .debug_frame   0x00000000       0x58 ./Common/Src/system_stm32h7xx_dualcore_boot_cm4_cm7.o
 .debug_frame   0x00000058      0x2e4 ./Core/Src/main.o
 .debug_frame   0x0000033c       0x38 ./Core/Src/stm32h7xx_hal_msp.o
 .debug_frame   0x00000374      0x104 ./Core/Src/stm32h7xx_it.o
 .debug_frame   0x00000478      0x848 ./Drivers/STM32H7xx_HAL_Driver/stm32h7xx_hal.o
 .debug_frame   0x00000cc0      0x508 ./Drivers/STM32H7xx_HAL_Driver/stm32h7xx_hal_cortex.o
 .debug_frame   0x000011c8      0x1bc ./Drivers/STM32H7xx_HAL_Driver/stm32h7xx_hal_hsem.o
 .debug_frame   0x00001384      0x5ec ./Drivers/STM32H7xx_HAL_Driver/stm32h7xx_hal_pwr_ex.o
 .debug_frame   0x00001970      0x1f8 ./Drivers/STM32H7xx_HAL_Driver/stm32h7xx_hal_rcc.o
 .debug_frame   0x00001b68      0x1c0 ./Drivers/STM32H7xx_HAL_Driver/stm32h7xx_ll_gpio.o
 .debug_frame   0x00001d28      0x604 ./Drivers/STM32H7xx_HAL_Driver/stm32h7xx_ll_utils.o
 .debug_frame   0x0000232c       0x20 /Applications/STM32CubeIDE.app/Contents/Eclipse/plugins/com.st.stm32cube.ide.mcu.externaltools.gnu-tools-for-stm32.12.3.rel1.macos64_1.0.200.202406191456/tools/bin/../lib/gcc/arm-none-eabi/12.3.1/../../../../arm-none-eabi/lib/thumb/v7e-m+dp/hard/libc_nano.a(libc_a-memset.o)
 .debug_frame   0x0000234c       0x2c /Applications/STM32CubeIDE.app/Contents/Eclipse/plugins/com.st.stm32cube.ide.mcu.externaltools.gnu-tools-for-stm32.12.3.rel1.macos64_1.0.200.202406191456/tools/bin/../lib/gcc/arm-none-eabi/12.3.1/../../../../arm-none-eabi/lib/thumb/v7e-m+dp/hard/libc_nano.a(libc_a-init.o)

.debug_line_str
                0x00000000       0x6f
 .debug_line_str
                0x00000000       0x6f ./Core/Startup/startup_stm32h747xihx.o
